// Jest Snapshot v1, https://goo.gl/fbAQLP

exports[`View for MovieInfo should match snapshot 1`] = `
Object {
  "asFragment": [Function],
  "baseElement": <body>
    <div>
      <div
        class="movie__basics"
      >
        <div>
          <div
            class="movie__info_name"
          >
            test
          </div>
          <div
            class="movie__like"
          >
            Likes:
            5
          </div>
          <div
            class="rating__wrapper"
          >
            <button
              class="rating__button rating__button_full"
              data-i="1"
              disabled=""
              type="button"
            >
              <img
                alt="star"
                src="Star-1.svg"
              />
            </button>
            <button
              class="rating__button rating__button_full"
              data-i="2"
              disabled=""
              type="button"
            >
              <img
                alt="star"
                src="Star-1.svg"
              />
            </button>
            <button
              class="rating__button rating__button_full"
              data-i="3"
              disabled=""
              type="button"
            >
              <img
                alt="star"
                src="Star-1.svg"
              />
            </button>
            <button
              class="rating__button rating__button_full"
              data-i="4"
              disabled=""
              type="button"
            >
              <img
                alt="star"
                src="Star-1.svg"
              />
            </button>
            <button
              class="rating__button rating__button_full"
              data-i="5"
              disabled=""
              type="button"
            >
              <img
                alt="star"
                src="Star-1.svg"
              />
            </button>
          </div>
          <div
            class="movie__button_wrapper"
          >
            <button
              class="button button__main"
              type="button"
            >
              <div
                class="inner"
              >
                Delete
              </div>
            </button>
            <button
              class="button button__secondary"
              type="button"
            >
              <div
                class="inner"
              >
                Edit
              </div>
            </button>
          </div>
        </div>
        <img
          alt="test"
          class="movie__poster"
          src=""
        />
      </div>
      <div
        class="movie__descr"
      >
        <p>
          Director:
        </p>
        test
      </div>
      <div
        class="movie__descr"
      >
        <p>
          Actors:
        </p>
        <a
          class="movie__actor_link"
          to="/actor/1"
        >
          test
        </a>
        <a
          class="movie__actor_link"
          to="/actor/2"
        >
          test
        </a>
        <a
          class="movie__actor_link"
          to="/actor/3"
        />
      </div>
      <div
        class="movie__descr"
      >
        <p>
          Description:
        </p>
        test
      </div>
    </div>
  </body>,
  "container": <div>
    <div
      class="movie__basics"
    >
      <div>
        <div
          class="movie__info_name"
        >
          test
        </div>
        <div
          class="movie__like"
        >
          Likes:
          5
        </div>
        <div
          class="rating__wrapper"
        >
          <button
            class="rating__button rating__button_full"
            data-i="1"
            disabled=""
            type="button"
          >
            <img
              alt="star"
              src="Star-1.svg"
            />
          </button>
          <button
            class="rating__button rating__button_full"
            data-i="2"
            disabled=""
            type="button"
          >
            <img
              alt="star"
              src="Star-1.svg"
            />
          </button>
          <button
            class="rating__button rating__button_full"
            data-i="3"
            disabled=""
            type="button"
          >
            <img
              alt="star"
              src="Star-1.svg"
            />
          </button>
          <button
            class="rating__button rating__button_full"
            data-i="4"
            disabled=""
            type="button"
          >
            <img
              alt="star"
              src="Star-1.svg"
            />
          </button>
          <button
            class="rating__button rating__button_full"
            data-i="5"
            disabled=""
            type="button"
          >
            <img
              alt="star"
              src="Star-1.svg"
            />
          </button>
        </div>
        <div
          class="movie__button_wrapper"
        >
          <button
            class="button button__main"
            type="button"
          >
            <div
              class="inner"
            >
              Delete
            </div>
          </button>
          <button
            class="button button__secondary"
            type="button"
          >
            <div
              class="inner"
            >
              Edit
            </div>
          </button>
        </div>
      </div>
      <img
        alt="test"
        class="movie__poster"
        src=""
      />
    </div>
    <div
      class="movie__descr"
    >
      <p>
        Director:
      </p>
      test
    </div>
    <div
      class="movie__descr"
    >
      <p>
        Actors:
      </p>
      <a
        class="movie__actor_link"
        to="/actor/1"
      >
        test
      </a>
      <a
        class="movie__actor_link"
        to="/actor/2"
      >
        test
      </a>
      <a
        class="movie__actor_link"
        to="/actor/3"
      />
    </div>
    <div
      class="movie__descr"
    >
      <p>
        Description:
      </p>
      test
    </div>
  </div>,
  "debug": [Function],
  "findAllByAltText": [Function],
  "findAllByDisplayValue": [Function],
  "findAllByLabelText": [Function],
  "findAllByPlaceholderText": [Function],
  "findAllByRole": [Function],
  "findAllByTestId": [Function],
  "findAllByText": [Function],
  "findAllByTitle": [Function],
  "findByAltText": [Function],
  "findByDisplayValue": [Function],
  "findByLabelText": [Function],
  "findByPlaceholderText": [Function],
  "findByRole": [Function],
  "findByTestId": [Function],
  "findByText": [Function],
  "findByTitle": [Function],
  "getAllByAltText": [Function],
  "getAllByDisplayValue": [Function],
  "getAllByLabelText": [Function],
  "getAllByPlaceholderText": [Function],
  "getAllByRole": [Function],
  "getAllByTestId": [Function],
  "getAllByText": [Function],
  "getAllByTitle": [Function],
  "getByAltText": [Function],
  "getByDisplayValue": [Function],
  "getByLabelText": [Function],
  "getByPlaceholderText": [Function],
  "getByRole": [Function],
  "getByTestId": [Function],
  "getByText": [Function],
  "getByTitle": [Function],
  "queryAllByAltText": [Function],
  "queryAllByDisplayValue": [Function],
  "queryAllByLabelText": [Function],
  "queryAllByPlaceholderText": [Function],
  "queryAllByRole": [Function],
  "queryAllByTestId": [Function],
  "queryAllByText": [Function],
  "queryAllByTitle": [Function],
  "queryByAltText": [Function],
  "queryByDisplayValue": [Function],
  "queryByLabelText": [Function],
  "queryByPlaceholderText": [Function],
  "queryByRole": [Function],
  "queryByTestId": [Function],
  "queryByText": [Function],
  "queryByTitle": [Function],
  "rerender": [Function],
  "unmount": [Function],
}
`;
